[debug] [2025-08-11T06:27:37.094Z] ----------------------------------------------------------------------
[debug] [2025-08-11T06:27:37.108Z] Command:       C:\nvm4w\nodejs\node.exe C:\Users\inkSh\AppData\Roaming\npm\node_modules\firebase-tools\lib\bin\firebase.js deploy
[debug] [2025-08-11T06:27:37.108Z] CLI Version:   13.35.1
[debug] [2025-08-11T06:27:37.108Z] Platform:      win32
[debug] [2025-08-11T06:27:37.109Z] Node Version:  v20.14.0
[debug] [2025-08-11T06:27:37.109Z] Time:          Mon Aug 11 2025 01:27:37 GMT-0500 (hora estándar de Colombia)
[debug] [2025-08-11T06:27:37.109Z] ----------------------------------------------------------------------
[debug] 
[debug] [2025-08-11T06:27:37.442Z] > command requires scopes: ["email","openid","https://www.googleapis.com/auth/cloudplatformprojects.readonly","https://www.googleapis.com/auth/firebase","https://www.googleapis.com/auth/cloud-platform"]
[debug] [2025-08-11T06:27:37.443Z] > authorizing via signed-in user (ever.gonzalez.co@cloudappi.net)
[debug] [2025-08-11T06:27:37.443Z] [iam] checking project cloudcontrol-51ebb for permissions ["firebase.projects.get","firebasehosting.sites.update"]
[debug] [2025-08-11T06:27:37.446Z] Checked if tokens are valid: false, expires at: 1754894415509
[debug] [2025-08-11T06:27:37.446Z] Checked if tokens are valid: false, expires at: 1754894415509
[debug] [2025-08-11T06:27:37.447Z] > refreshing access token with scopes: []
[debug] [2025-08-11T06:27:37.449Z] >>> [apiv2][query] POST https://www.googleapis.com/oauth2/v3/token [none]
[debug] [2025-08-11T06:27:37.450Z] >>> [apiv2][body] POST https://www.googleapis.com/oauth2/v3/token [omitted]
[debug] [2025-08-11T06:27:37.802Z] <<< [apiv2][status] POST https://www.googleapis.com/oauth2/v3/token 200
[debug] [2025-08-11T06:27:37.802Z] <<< [apiv2][body] POST https://www.googleapis.com/oauth2/v3/token [omitted]
[debug] [2025-08-11T06:27:37.832Z] >>> [apiv2][query] POST https://cloudresourcemanager.googleapis.com/v1/projects/cloudcontrol-51ebb:testIamPermissions [none]
[debug] [2025-08-11T06:27:37.833Z] >>> [apiv2][(partial)header] POST https://cloudresourcemanager.googleapis.com/v1/projects/cloudcontrol-51ebb:testIamPermissions x-goog-quota-user=projects/cloudcontrol-51ebb
[debug] [2025-08-11T06:27:37.833Z] >>> [apiv2][body] POST https://cloudresourcemanager.googleapis.com/v1/projects/cloudcontrol-51ebb:testIamPermissions {"permissions":["firebase.projects.get","firebasehosting.sites.update"]}
[debug] [2025-08-11T06:27:38.385Z] <<< [apiv2][status] POST https://cloudresourcemanager.googleapis.com/v1/projects/cloudcontrol-51ebb:testIamPermissions 200
[debug] [2025-08-11T06:27:38.385Z] <<< [apiv2][body] POST https://cloudresourcemanager.googleapis.com/v1/projects/cloudcontrol-51ebb:testIamPermissions {"permissions":["firebase.projects.get","firebasehosting.sites.update"]}
[debug] [2025-08-11T06:27:38.385Z] Checked if tokens are valid: true, expires at: 1754897256802
[debug] [2025-08-11T06:27:38.385Z] Checked if tokens are valid: true, expires at: 1754897256802
[debug] [2025-08-11T06:27:38.386Z] >>> [apiv2][query] GET https://firebase.googleapis.com/v1beta1/projects/cloudcontrol-51ebb [none]
[debug] [2025-08-11T06:27:38.891Z] <<< [apiv2][status] GET https://firebase.googleapis.com/v1beta1/projects/cloudcontrol-51ebb 200
[debug] [2025-08-11T06:27:38.892Z] <<< [apiv2][body] GET https://firebase.googleapis.com/v1beta1/projects/cloudcontrol-51ebb {"projectId":"cloudcontrol-51ebb","projectNumber":"505159760454","displayName":"CloudControl","name":"projects/cloudcontrol-51ebb","resources":{"hostingSite":"cloudcontrol-51ebb","locationId":"us-central"},"state":"ACTIVE","etag":"1_b248a4fb-1f0e-49bf-9024-6489845d0a8c"}
[debug] [2025-08-11T06:27:42.438Z] Checked if tokens are valid: true, expires at: 1754897256802
[debug] [2025-08-11T06:27:42.438Z] Checked if tokens are valid: true, expires at: 1754897256802
[debug] [2025-08-11T06:27:42.439Z] >>> [apiv2][query] GET https://firebasehosting.googleapis.com/v1beta1/projects/cloudcontrol-51ebb/sites pageToken=&pageSize=10
[debug] [2025-08-11T06:27:43.203Z] <<< [apiv2][status] GET https://firebasehosting.googleapis.com/v1beta1/projects/cloudcontrol-51ebb/sites 200
[debug] [2025-08-11T06:27:43.203Z] <<< [apiv2][body] GET https://firebasehosting.googleapis.com/v1beta1/projects/cloudcontrol-51ebb/sites {"sites":[{"name":"projects/cloudcontrol-51ebb/sites/cloudcontrol-51ebb","defaultUrl":"https://cloudcontrol-51ebb.web.app","appId":"1:505159760454:web:4069ae61a7d3f9cdbf2847","type":"DEFAULT_SITE"}]}
[debug] [2025-08-11T06:27:43.204Z] Checked if tokens are valid: true, expires at: 1754897256802
[debug] [2025-08-11T06:27:43.204Z] Checked if tokens are valid: true, expires at: 1754897256802
[debug] [2025-08-11T06:27:43.204Z] >>> [apiv2][query] GET https://firebase.googleapis.com/v1beta1/projects/-/webApps/1:505159760454:web:4069ae61a7d3f9cdbf2847/config [none]
[debug] [2025-08-11T06:27:43.773Z] <<< [apiv2][status] GET https://firebase.googleapis.com/v1beta1/projects/-/webApps/1:505159760454:web:4069ae61a7d3f9cdbf2847/config 200
[debug] [2025-08-11T06:27:43.773Z] <<< [apiv2][body] GET https://firebase.googleapis.com/v1beta1/projects/-/webApps/1:505159760454:web:4069ae61a7d3f9cdbf2847/config {"projectId":"cloudcontrol-51ebb","appId":"1:505159760454:web:4069ae61a7d3f9cdbf2847","storageBucket":"cloudcontrol-51ebb.appspot.com","locationId":"us-central","apiKey":"AIzaSyAGrxl1lV8N_5Rd-0bdZf0p9RUcJk4YbuA","authDomain":"cloudcontrol-51ebb.firebaseapp.com","messagingSenderId":"505159760454"}
[info] 
   Thank you for trying our experimental support for Vite on Firebase Hosting.
   While this integration is maintained by Googlers it is not a supported Firebase product.
   Issues filed on GitHub will be addressed on a best-effort basis by maintainers and other community members.

   Documentation: https://firebase.google.com/docs/hosting/frameworks/frameworks-overview
   File a bug: https://github.com/firebase/firebase-tools/issues/new?template=bug_report.md
   Submit a feature request: https://github.com/firebase/firebase-tools/issues/new?template=feature_request.md

   We'd love to learn from you. Express your interest in helping us shape the future of Firebase Hosting: https://goo.gle/41enW5X

